// Jest Snapshot v1, https://goo.gl/fbAQLP

exports[`Unsupported extensions tests it should not change anything 1`] = `
Object {
  "differences": 0,
  "differencesDirs": 0,
  "differencesFiles": 0,
  "distinct": 0,
  "distinctDirs": 0,
  "distinctFiles": 0,
  "equal": 4,
  "equalDirs": 0,
  "equalFiles": 4,
  "left": 0,
  "leftDirs": 0,
  "leftFiles": 0,
  "right": 0,
  "rightDirs": 0,
  "rightFiles": 0,
  "same": true,
  "total": 4,
  "totalDirs": 0,
  "totalFiles": 4,
}
`;
